// Jest Snapshot v1, https://goo.gl/fbAQLP

exports[`Loot renders properly 1`] = `
<div>
  <h3>
    Bitcoin Balance: 
    <span
      className="bitcoin-amount"
    />
  </h3>
</div>
`;
